nohup: ignoring input
[W 2024-08-10 08:42:44.547 ServerApp] A `_jupyter_server_extension_points` function was not found in jupyter_lsp. Instead, a `_jupyter_server_extension_paths` function was found and will be used for now. This function name will be deprecated in future releases of Jupyter Server.
[W 2024-08-10 08:42:45.074 ServerApp] A `_jupyter_server_extension_points` function was not found in notebook_shim. Instead, a `_jupyter_server_extension_paths` function was found and will be used for now. This function name will be deprecated in future releases of Jupyter Server.
[I 2024-08-10 08:42:46.008 ServerApp] Extension package panel.io.jupyter_server_extension took 0.9324s to import
[I 2024-08-10 08:42:46.008 ServerApp] jupyter_lsp | extension was successfully linked.
[I 2024-08-10 08:42:46.012 ServerApp] jupyter_server_terminals | extension was successfully linked.
[I 2024-08-10 08:42:46.017 ServerApp] jupyterlab | extension was successfully linked.
[I 2024-08-10 08:42:46.022 ServerApp] notebook | extension was successfully linked.
[I 2024-08-10 08:42:46.315 ServerApp] notebook_shim | extension was successfully linked.
[I 2024-08-10 08:42:46.316 ServerApp] panel.io.jupyter_server_extension | extension was successfully linked.
[I 2024-08-10 08:42:46.332 ServerApp] notebook_shim | extension was successfully loaded.
[I 2024-08-10 08:42:46.334 ServerApp] jupyter_lsp | extension was successfully loaded.
[I 2024-08-10 08:42:46.335 ServerApp] jupyter_server_terminals | extension was successfully loaded.
[I 2024-08-10 08:42:46.337 LabApp] JupyterLab extension loaded from /home/xm/anaconda3/lib/python3.11/site-packages/jupyterlab
[I 2024-08-10 08:42:46.337 LabApp] JupyterLab application directory is /home/xm/anaconda3/share/jupyter/lab
[I 2024-08-10 08:42:46.337 LabApp] Extension Manager is 'pypi'.
[I 2024-08-10 08:42:46.340 ServerApp] jupyterlab | extension was successfully loaded.
[I 2024-08-10 08:42:46.343 ServerApp] notebook | extension was successfully loaded.
[I 2024-08-10 08:42:46.344 ServerApp] panel.io.jupyter_server_extension | extension was successfully loaded.
[I 2024-08-10 08:42:46.344 ServerApp] The port 8889 is already in use, trying another port.
[I 2024-08-10 08:42:46.345 ServerApp] Serving notebooks from local directory: /home/xm/code/meta_fl_com
[I 2024-08-10 08:42:46.345 ServerApp] Jupyter Server 2.14.1 is running at:
[I 2024-08-10 08:42:46.345 ServerApp] http://ubuntu-System-Product-Name:8890/tree
[I 2024-08-10 08:42:46.345 ServerApp]     http://127.0.0.1:8890/tree
[I 2024-08-10 08:42:46.345 ServerApp] Use Control-C to stop this server and shut down all kernels (twice to skip confirmation).
[W 2024-08-10 08:42:46.347 ServerApp] No web browser found: Error('could not locate runnable browser').
[I 2024-08-10 08:42:46.894 ServerApp] Skipped non-installed server(s): bash-language-server, dockerfile-language-server-nodejs, javascript-typescript-langserver, jedi-language-server, julia-language-server, pyright, python-language-server, r-languageserver, sql-language-server, texlab, typescript-language-server, unified-language-server, vscode-css-languageserver-bin, vscode-html-languageserver-bin, vscode-json-languageserver-bin, yaml-language-server
[C 2024-08-10 08:43:27.782 ServerApp] received signal 15, stopping
[I 2024-08-10 08:43:27.783 ServerApp] Shutting down 6 extensions
nohup: ignoring input
[W 2024-08-10 08:43:33.021 ServerApp] A `_jupyter_server_extension_points` function was not found in jupyter_lsp. Instead, a `_jupyter_server_extension_paths` function was found and will be used for now. This function name will be deprecated in future releases of Jupyter Server.
[W 2024-08-10 08:43:33.559 ServerApp] A `_jupyter_server_extension_points` function was not found in notebook_shim. Instead, a `_jupyter_server_extension_paths` function was found and will be used for now. This function name will be deprecated in future releases of Jupyter Server.
[I 2024-08-10 08:43:34.328 ServerApp] Extension package panel.io.jupyter_server_extension took 0.7687s to import
[I 2024-08-10 08:43:34.331 ServerApp] jupyter_lsp | extension was successfully linked.
[I 2024-08-10 08:43:34.335 ServerApp] jupyter_server_terminals | extension was successfully linked.
[I 2024-08-10 08:43:34.339 ServerApp] jupyterlab | extension was successfully linked.
[I 2024-08-10 08:43:34.343 ServerApp] notebook | extension was successfully linked.
[I 2024-08-10 08:43:34.591 ServerApp] notebook_shim | extension was successfully linked.
[I 2024-08-10 08:43:34.591 ServerApp] panel.io.jupyter_server_extension | extension was successfully linked.
[I 2024-08-10 08:43:34.606 ServerApp] notebook_shim | extension was successfully loaded.
[I 2024-08-10 08:43:34.608 ServerApp] jupyter_lsp | extension was successfully loaded.
[I 2024-08-10 08:43:34.609 ServerApp] jupyter_server_terminals | extension was successfully loaded.
[I 2024-08-10 08:43:34.610 LabApp] JupyterLab extension loaded from /home/xm/anaconda3/lib/python3.11/site-packages/jupyterlab
[I 2024-08-10 08:43:34.610 LabApp] JupyterLab application directory is /home/xm/anaconda3/share/jupyter/lab
[I 2024-08-10 08:43:34.610 LabApp] Extension Manager is 'pypi'.
[I 2024-08-10 08:43:34.612 ServerApp] jupyterlab | extension was successfully loaded.
[I 2024-08-10 08:43:34.615 ServerApp] notebook | extension was successfully loaded.
[I 2024-08-10 08:43:34.615 ServerApp] panel.io.jupyter_server_extension | extension was successfully loaded.
[I 2024-08-10 08:43:34.616 ServerApp] Serving notebooks from local directory: /home/xm/code/meta_fl_com
[I 2024-08-10 08:43:34.616 ServerApp] Jupyter Server 2.14.1 is running at:
[I 2024-08-10 08:43:34.616 ServerApp] http://ubuntu-System-Product-Name:8889/tree
[I 2024-08-10 08:43:34.616 ServerApp]     http://127.0.0.1:8889/tree
[I 2024-08-10 08:43:34.616 ServerApp] Use Control-C to stop this server and shut down all kernels (twice to skip confirmation).
[W 2024-08-10 08:43:34.618 ServerApp] No web browser found: Error('could not locate runnable browser').
[I 2024-08-10 08:43:35.044 ServerApp] Skipped non-installed server(s): bash-language-server, dockerfile-language-server-nodejs, javascript-typescript-langserver, jedi-language-server, julia-language-server, pyright, python-language-server, r-languageserver, sql-language-server, texlab, typescript-language-server, unified-language-server, vscode-css-languageserver-bin, vscode-html-languageserver-bin, vscode-json-languageserver-bin, yaml-language-server
[W 2024-08-10 08:43:41.681 ServerApp] Notebook Untitled.ipynb is not trusted
[I 2024-08-10 08:43:52.104 ServerApp] User 2b549943fb7549daadda0c7bd6f84a65 logged in.
[I 2024-08-10 08:43:52.104 ServerApp] 302 POST /login?next=%2Fnotebooks%2FUntitled.ipynb (2b549943fb7549daadda0c7bd6f84a65@127.0.0.1) 238.71ms
0.00s - Debugger warning: It seems that frozen modules are being used, which may
0.00s - make the debugger miss breakpoints. Please pass -Xfrozen_modules=off
0.00s - to python to disable frozen modules.
0.00s - Note: Debugging will proceed. Set PYDEVD_DISABLE_FILE_VALIDATION=1 to disable this validation.
[I 2024-08-10 08:43:58.745 ServerApp] 302 GET / (@127.0.0.1) 0.41ms
[W 2024-08-10 08:44:00.576 ServerApp] Notebook Untitled.ipynb is not trusted
[I 2024-08-10 08:44:00.957 ServerApp] Kernel started: 40cda3b6-e62d-4ec9-930f-f961db7ccbd8
[I 2024-08-10 08:44:01.863 ServerApp] Connecting to kernel 40cda3b6-e62d-4ec9-930f-f961db7ccbd8.
[I 2024-08-10 08:44:27.300 ServerApp] Connecting to kernel 40cda3b6-e62d-4ec9-930f-f961db7ccbd8.
[I 2024-08-10 08:44:27.508 ServerApp] Starting buffering for 40cda3b6-e62d-4ec9-930f-f961db7ccbd8:3b139ec3-839a-413e-92f1-9c0ab9930c53
[C 2024-08-10 08:44:43.105 ServerApp] received signal 15, stopping
[I 2024-08-10 08:44:43.105 ServerApp] Shutting down 6 extensions
[I 2024-08-10 08:44:43.105 ServerApp] Shutting down 1 kernel
[I 2024-08-10 08:44:43.106 ServerApp] Kernel shutdown: 40cda3b6-e62d-4ec9-930f-f961db7ccbd8
